
> client@0.0.0 build
> tsc -b && vite build

[36mvite v7.3.1 [32mbuilding client environment for production...[36m[39m
transforming...
[32mΓ£ô[39m 2462 modules transformed.
rendering chunks...
computing gzip size...
[2mdist/[22m[32mindex.html                                       [39m[1m[2m     0.49 kB[22m[1m[22m[2m Γöé gzip:   0.32 kB[22m
[2mdist/[22m[32massets/easy-logo-C1TR-s4z.png                    [39m[1m[2m     6.63 kB[22m[1m[22m
[2mdist/[22m[32massets/r1-icon-4-Cq4levim.png                    [39m[1m[2m     6.93 kB[22m[1m[22m
[2mdist/[22m[32massets/s1-icon-1-CLf4GRCr.png                    [39m[1m[2m    10.68 kB[22m[1m[22m
[2mdist/[22m[32massets/s1-icon-3-DlpBhbXF.png                    [39m[1m[2m    10.90 kB[22m[1m[22m
[2mdist/[22m[32massets/r1-icon-3-Bj50Ga64.png                    [39m[1m[2m    11.11 kB[22m[1m[22m
[2mdist/[22m[32massets/2-CYcrc9oq.png                            [39m[1m[2m    13.79 kB[22m[1m[22m
[2mdist/[22m[32massets/r1-icon-1-BMiHRCFe.png                    [39m[1m[2m    15.01 kB[22m[1m[22m
[2mdist/[22m[32massets/s1-icon-2-DAN63ONA.png                    [39m[1m[2m    17.51 kB[22m[1m[22m
[2mdist/[22m[32massets/_idea-CBW3I-JK.png                        [39m[1m[2m    19.88 kB[22m[1m[22m
[2mdist/[22m[32massets/r1-icon-2-XeRK4NWe.png                    [39m[1m[2m    20.23 kB[22m[1m[22m
[2mdist/[22m[32massets/wb-Ba0FsUMj.jpg                           [39m[1m[2m    34.10 kB[22m[1m[22m
[2mdist/[22m[32massets/res-44b8DR36.jpg                          [39m[1m[2m    40.40 kB[22m[1m[22m
[2mdist/[22m[32massets/3-DLtgCpi4.png                            [39m[1m[2m    41.22 kB[22m[1m[22m
[2mdist/[22m[32massets/5-CoUncyZW.png                            [39m[1m[2m    41.78 kB[22m[1m[22m
[2mdist/[22m[32massets/4-DLBXW7a1.png                            [39m[1m[2m    41.97 kB[22m[1m[22m
[2mdist/[22m[32massets/56-BJtoHXuq.jpg                           [39m[1m[2m    45.98 kB[22m[1m[22m
[2mdist/[22m[32massets/seo-BI0_Uwd_.jpg                          [39m[1m[2m    46.91 kB[22m[1m[22m
[2mdist/[22m[32massets/dgt-BCZo6uP_.jpg                          [39m[1m[2m    50.19 kB[22m[1m[22m
[2mdist/[22m[32massets/project managment-CyW1wJcl.png            [39m[1m[2m    53.70 kB[22m[1m[22m
[2mdist/[22m[32massets/2-CAVe45hN.png                            [39m[1m[2m    56.89 kB[22m[1m[22m
[2mdist/[22m[32massets/6-DJHwAvDf.png                            [39m[1m[2m    59.68 kB[22m[1m[22m
[2mdist/[22m[32massets/3-BopPKsdM.png                            [39m[1m[2m    70.61 kB[22m[1m[22m
[2mdist/[22m[32massets/cln3-H_aOL2aX.jpg                         [39m[1m[2m    72.74 kB[22m[1m[22m
[2mdist/[22m[32massets/cln2-BtdBaxjz.jpg                         [39m[1m[2m    77.44 kB[22m[1m[22m
[2mdist/[22m[32massets/cs11-CJRhWF88.jpg                         [39m[1m[2m    85.54 kB[22m[1m[22m
[2mdist/[22m[32massets/easy-pos-DBaN7m2f.jpg                     [39m[1m[2m    86.94 kB[22m[1m[22m
[2mdist/[22m[32massets/1-wSuP1M67.png                            [39m[1m[2m    89.03 kB[22m[1m[22m
[2mdist/[22m[32massets/easy-solution-8c0wO2sT.jpg                [39m[1m[2m    92.61 kB[22m[1m[22m
[2mdist/[22m[32massets/cln5-D_6s1mQC.jpg                         [39m[1m[2m    93.65 kB[22m[1m[22m
[2mdist/[22m[32massets/6-C3S8OH32.png                            [39m[1m[2m    93.70 kB[22m[1m[22m
[2mdist/[22m[32massets/cs7-4uMZdy3M.jpg                          [39m[1m[2m    99.85 kB[22m[1m[22m
[2mdist/[22m[32massets/cs5-BYZ227ZV.jpg                          [39m[1m[2m   101.97 kB[22m[1m[22m
[2mdist/[22m[32massets/cs8-C0zuSLcO.jpg                          [39m[1m[2m   103.78 kB[22m[1m[22m
[2mdist/[22m[32massets/client3-f6FBmMaD.jpeg                     [39m[1m[2m   107.57 kB[22m[1m[22m
[2mdist/[22m[32massets/5-ojxcGOoQ.png                            [39m[1m[2m   111.56 kB[22m[1m[22m
[2mdist/[22m[32massets/1-dG62D7KD.png                            [39m[1m[2m   112.70 kB[22m[1m[22m
[2mdist/[22m[32massets/cln-CuCTj7Fo.jpg                          [39m[1m[2m   112.98 kB[22m[1m[22m
[2mdist/[22m[32massets/55-jkxfsa4g.jpg                           [39m[1m[2m   113.95 kB[22m[1m[22m
[2mdist/[22m[32massets/project2-DsShIvVJ.jpeg                    [39m[1m[2m   122.87 kB[22m[1m[22m
[2mdist/[22m[32massets/client2-YSOzFFZH.jpeg                     [39m[1m[2m   123.61 kB[22m[1m[22m
[2mdist/[22m[32massets/project 5-BerkVkqj.png                    [39m[1m[2m   127.97 kB[22m[1m[22m
[2mdist/[22m[32massets/client1-D_Lwg2uf.jpeg                     [39m[1m[2m   131.64 kB[22m[1m[22m
[2mdist/[22m[32massets/cs1-CD1ifd_-.jpg                          [39m[1m[2m   138.27 kB[22m[1m[22m
[2mdist/[22m[32massets/3-CiD3NvVn.png                            [39m[1m[2m   138.48 kB[22m[1m[22m
[2mdist/[22m[32massets/cs2-MOAOc1ez.jpg                          [39m[1m[2m   144.15 kB[22m[1m[22m
[2mdist/[22m[32massets/client6-C-hDnB4Y.jpeg                     [39m[1m[2m   159.63 kB[22m[1m[22m
[2mdist/[22m[32massets/cs9-mlIyNIIx.jpg                          [39m[1m[2m   160.60 kB[22m[1m[22m
[2mdist/[22m[32massets/client7-iWGn2xsT.jpeg                     [39m[1m[2m   176.00 kB[22m[1m[22m
[2mdist/[22m[32massets/cs3-20ahwyxO.jpg                          [39m[1m[2m   176.34 kB[22m[1m[22m
[2mdist/[22m[32massets/cs4-C-23Au3i.jpg                          [39m[1m[2m   182.07 kB[22m[1m[22m
[2mdist/[22m[32massets/dokanx-D0yW4-uT.jpg                       [39m[1m[2m   184.19 kB[22m[1m[22m
[2mdist/[22m[32massets/cln6-Cyg4yUOO.jpg                         [39m[1m[2m   185.61 kB[22m[1m[22m
[2mdist/[22m[32massets/4-DOBzoKDz.png                            [39m[1m[2m   192.53 kB[22m[1m[22m
[2mdist/[22m[32massets/client4-DzrtjZOH.jpeg                     [39m[1m[2m   193.28 kB[22m[1m[22m
[2mdist/[22m[32massets/lead-management-B_IEAPNJ.jpg              [39m[1m[2m   194.17 kB[22m[1m[22m
[2mdist/[22m[32massets/cs6-mmC33To1.jpg                          [39m[1m[2m   205.06 kB[22m[1m[22m
[2mdist/[22m[32massets/12-ZDr_5PUg.jpg                           [39m[1m[2m   205.33 kB[22m[1m[22m
[2mdist/[22m[32massets/2hm2-PGoRdRMR.jpg                         [39m[1m[2m   211.79 kB[22m[1m[22m
[2mdist/[22m[32massets/project 4-BAm83qSv.png                    [39m[1m[2m   218.06 kB[22m[1m[22m
[2mdist/[22m[32massets/blue-star-gadget-B_MIlg6b.jpg             [39m[1m[2m   234.13 kB[22m[1m[22m
[2mdist/[22m[32massets/6-wbBKTWTC.png                            [39m[1m[2m   262.94 kB[22m[1m[22m
[2mdist/[22m[32massets/profile-pic-14-1-BoShGvkI.png             [39m[1m[2m   287.56 kB[22m[1m[22m
[2mdist/[22m[32massets/client-BiENbQ7B.jpg                       [39m[1m[2m   298.85 kB[22m[1m[22m
[2mdist/[22m[32massets/contact-8zfHnuCH.jpg                      [39m[1m[2m   332.89 kB[22m[1m[22m
[2mdist/[22m[32massets/website_page-DmoXvgBo.jpg                 [39m[1m[2m   334.44 kB[22m[1m[22m
[2mdist/[22m[32massets/digital_marketing_page-CzJQ4170.jpg       [39m[1m[2m   362.37 kB[22m[1m[22m
[2mdist/[22m[32massets/about-BM7-Ac2l.jpg                        [39m[1m[2m   435.49 kB[22m[1m[22m
[2mdist/[22m[32massets/dokanx2-CMO7zaYf.jpg                      [39m[1m[2m   442.96 kB[22m[1m[22m
[2mdist/[22m[32massets/client5-yuCjZwgI.jpeg                     [39m[1m[2m   462.67 kB[22m[1m[22m
[2mdist/[22m[32massets/project 1 details 1-C-blsdPn.png          [39m[1m[2m   471.94 kB[22m[1m[22m
[2mdist/[22m[32massets/mousumilifestyle-Cw7T-3d6.jpg             [39m[1m[2m   482.75 kB[22m[1m[22m
[2mdist/[22m[32massets/bangstep-C2BWS3j_.jpg                     [39m[1m[2m   485.89 kB[22m[1m[22m
[2mdist/[22m[32massets/multi-ventor-D4xDwXDw.jpg                 [39m[1m[2m   508.03 kB[22m[1m[22m
[2mdist/[22m[32massets/ferryola-w4Ae0-rm.jpg                     [39m[1m[2m   515.59 kB[22m[1m[22m
[2mdist/[22m[32massets/digital_icon-BSUb1Lau.jpg                 [39m[1m[2m   519.94 kB[22m[1m[22m
[2mdist/[22m[32massets/5-DCq_JpB_.png                            [39m[1m[2m   593.20 kB[22m[1m[22m
[2mdist/[22m[32massets/4-C08SoPXd.png                            [39m[1m[2m   609.20 kB[22m[1m[22m
[2mdist/[22m[32massets/maritime-D3k8wheQ.jpg                     [39m[1m[2m   647.40 kB[22m[1m[22m
[2mdist/[22m[32massets/project 1-D5MUnDKG.png                    [39m[1m[2m   792.66 kB[22m[1m[22m
[2mdist/[22m[32massets/x-shoppinng-B0pqjYJM.jpg                  [39m[1m[2m   976.06 kB[22m[1m[22m
[2mdist/[22m[32massets/mosque_project-mJSeqjeh.jpg               [39m[1m[2m   992.46 kB[22m[1m[22m
[2mdist/[22m[32massets/sofware_page-TxeG7lQK.jpg                 [39m[1m[2m 1,105.73 kB[22m[1m[22m
[2mdist/[22m[32massets/7-Bg5XWICN.png                            [39m[1m[2m 1,199.87 kB[22m[1m[22m
[2mdist/[22m[32massets/fermer_care-a8OBDEml.jpg                  [39m[1m[2m 1,297.26 kB[22m[1m[22m
[2mdist/[22m[32massets/project 3-M78vPdJ_.png                    [39m[1m[2m 1,399.10 kB[22m[1m[22m
[2mdist/[22m[32massets/project management2-BP2whnAx.jpg          [39m[1m[2m 1,399.78 kB[22m[1m[22m
[2mdist/[22m[32massets/premium_house_ltd-BnmvgIlx.jpg            [39m[1m[2m 1,450.75 kB[22m[1m[22m
[2mdist/[22m[32massets/ar_entertainment-DBCeCtR2.jpg             [39m[1m[2m 1,481.95 kB[22m[1m[22m
[2mdist/[22m[32massets/70-Csr4y5z8.jpg                           [39m[1m[2m 2,203.20 kB[22m[1m[22m
[2mdist/[22m[32massets/software-y_vhbioM.jpg                     [39m[1m[2m 4,926.14 kB[22m[1m[22m
[2mdist/[22m[32massets/web-V6VEMmJy.jpg                          [39m[1m[2m13,072.14 kB[22m[1m[22m
[2mdist/[22m[35massets/index-D2XGqMVp.css                        [39m[1m[2m   103.36 kB[22m[1m[22m[2m Γöé gzip:  14.91 kB[22m
[2mdist/[22m[36massets/software-DIgGbM9l.js                      [39m[1m[2m     0.06 kB[22m[1m[22m[2m Γöé gzip:   0.08 kB[22m
[2mdist/[22m[36massets/check-cBFUGL3o.js                         [39m[1m[2m     0.12 kB[22m[1m[22m[2m Γöé gzip:   0.14 kB[22m
[2mdist/[22m[36massets/arrow-right-Ds7T0ajQ.js                   [39m[1m[2m     0.17 kB[22m[1m[22m[2m Γöé gzip:   0.16 kB[22m
[2mdist/[22m[36massets/circle-check-big-Ct_6Jbk6.js              [39m[1m[2m     0.19 kB[22m[1m[22m[2m Γöé gzip:   0.18 kB[22m
[2mdist/[22m[36massets/globe-D6kNP-P6.js                         [39m[1m[2m     0.24 kB[22m[1m[22m[2m Γöé gzip:   0.19 kB[22m
[2mdist/[22m[36massets/external-link-PV3MGrId.js                 [39m[1m[2m     0.25 kB[22m[1m[22m[2m Γöé gzip:   0.20 kB[22m
[2mdist/[22m[36massets/SEO-pQQthgKd.js                           [39m[1m[2m     0.35 kB[22m[1m[22m[2m Γöé gzip:   0.25 kB[22m
[2mdist/[22m[36massets/digitalprojectDeta-CQ5-CeJZ.js            [39m[1m[2m     3.39 kB[22m[1m[22m[2m Γöé gzip:   1.30 kB[22m
[2mdist/[22m[36massets/ServiceDigitalProjectDetails-BwFAgy9k.js  [39m[1m[2m     3.59 kB[22m[1m[22m[2m Γöé gzip:   1.16 kB[22m
[2mdist/[22m[36massets/ServiceWebDetails-Ba-GUnor.js             [39m[1m[2m     3.78 kB[22m[1m[22m[2m Γöé gzip:   1.33 kB[22m
[2mdist/[22m[36massets/OurClient-DmG20_ep.js                     [39m[1m[2m     3.84 kB[22m[1m[22m[2m Γöé gzip:   1.47 kB[22m
[2mdist/[22m[36massets/projectData-DpPUC0gC.js                   [39m[1m[2m     3.84 kB[22m[1m[22m[2m Γöé gzip:   1.34 kB[22m
[2mdist/[22m[36massets/Project-trOVU7-z.js                       [39m[1m[2m     3.99 kB[22m[1m[22m[2m Γöé gzip:   1.51 kB[22m
[2mdist/[22m[36massets/erpojectDeta-DgIiOQwR.js                  [39m[1m[2m     4.64 kB[22m[1m[22m[2m Γöé gzip:   1.49 kB[22m
[2mdist/[22m[36massets/7-D_F9pAQe.js                             [39m[1m[2m     4.78 kB[22m[1m[22m[2m Γöé gzip:   3.57 kB[22m
[2mdist/[22m[36massets/ServiceErpProjectDetails-jgi9RGgq.js      [39m[1m[2m     4.93 kB[22m[1m[22m[2m Γöé gzip:   1.39 kB[22m
[2mdist/[22m[36massets/About-SXkoydyM.js                         [39m[1m[2m     6.22 kB[22m[1m[22m[2m Γöé gzip:   2.36 kB[22m
[2mdist/[22m[36massets/ProjectDetails-Cu00hO0j.js                [39m[1m[2m     6.30 kB[22m[1m[22m[2m Γöé gzip:   2.07 kB[22m
[2mdist/[22m[36massets/Services-BpiPzZOx.js                      [39m[1m[2m     7.05 kB[22m[1m[22m[2m Γöé gzip:   2.38 kB[22m
[2mdist/[22m[36massets/ServiceWebChallenges-BC9t0kZ1.js          [39m[1m[2m     7.67 kB[22m[1m[22m[2m Γöé gzip:   2.82 kB[22m
[2mdist/[22m[36massets/ServiceWeb-DfyucNEO.js                    [39m[1m[2m    11.03 kB[22m[1m[22m[2m Γöé gzip:   3.63 kB[22m
[2mdist/[22m[36massets/ServiceDigital-mx9YMrOX.js                [39m[1m[2m    11.46 kB[22m[1m[22m[2m Γöé gzip:   3.76 kB[22m
[2mdist/[22m[36massets/ServiceErp-B0qmJn_g.js                    [39m[1m[2m    12.02 kB[22m[1m[22m[2m Γöé gzip:   3.91 kB[22m
[2mdist/[22m[36massets/webprojectDeta-DY4U0rIP.js                [39m[1m[2m    13.87 kB[22m[1m[22m[2m Γöé gzip:   2.84 kB[22m
[2mdist/[22m[36massets/Home-DlinYRqE.js                          [39m[1m[2m    48.81 kB[22m[1m[22m[2m Γöé gzip:  13.98 kB[22m
[2mdist/[22m[36massets/Contact-CcnP96xC.js                       [39m[1m[2m   183.00 kB[22m[1m[22m[2m Γöé gzip:  58.60 kB[22m
[2mdist/[22m[36massets/index-BhPcp8tS.js                         [39m[1m[2m   396.23 kB[22m[1m[22m[2m Γöé gzip: 128.29 kB[22m
[32mΓ£ô built in 7.73s[39m
